// Jest Snapshot v1, https://goo.gl/fbAQLP

exports[`renders correctly 1`] = `
<div
  className="app_container"
>
  <div
    className="nav_container"
  >
    <header
      className="nav_header"
    >
      <h1>
        Math Magicians
      </h1>
      <nav
        className="nav_list"
      >
        <li>
          <a
            className="nav_anchor td_none"
            href="/"
            onClick={[Function]}
          >
            Home 
          </a>
        </li>
        <li
          className="border_active"
        >
          <a
            className="nav_anchor  td_none"
            href="/Calculator"
            onClick={[Function]}
          >
            Calculator
          </a>
        </li>
        <li>
          <a
            className="nav_anchor td_none"
            href="/Quote"
            onClick={[Function]}
          >
            Quote
          </a>
        </li>
      </nav>
    </header>
  </div>
  <div
    className="app_holder"
  >
    <article>
      Let's do some Maths!.
    </article>
    <div
      className="app_box"
    >
      <section
        className="result"
      >
        <p />
      </section>
      <section
        className="quad"
      >
        <button
          className="normal_btn"
          onClick={[Function]}
          type="button"
          value="A/C"
        >
          A/C
        </button>
        <button
          className="normal_btn negative_margin"
          onClick={[Function]}
          type="button"
          value="%"
        >
          +/-
        </button>
        <button
          className="normal_btn negative_margin"
          onClick={[Function]}
          type="button"
          value="%"
        >
          %
        </button>
        <button
          className="orange_btn negative_margin"
          onClick={[Function]}
          type="button"
          value="รท"
        >
          รท
        </button>
      </section>
      <section
        className="quad"
      >
        <button
          className="normal_btn"
          onClick={[Function]}
          type="button"
          value="7"
        >
          7
        </button>
        <button
          className="normal_btn negative_margin"
          onClick={[Function]}
          type="button"
          value="8"
        >
          8
        </button>
        <button
          className="normal_btn negative_margin"
          onClick={[Function]}
          type="button"
          value="9"
        >
          9
        </button>
        <button
          className="orange_btn negative_margin"
          onClick={[Function]}
          type="button"
          value="x"
        >
          x
        </button>
      </section>
      <section
        className="quad"
      >
        <button
          className="normal_btn"
          onClick={[Function]}
          type="button"
          value="4"
        >
          4
        </button>
        <button
          className="normal_btn negative_margin"
          onClick={[Function]}
          type="button"
          value="5"
        >
          5
        </button>
        <button
          className="normal_btn negative_margin"
          onClick={[Function]}
          type="button"
          value="6"
        >
          6
        </button>
        <button
          className="orange_btn negative_margin"
          onClick={[Function]}
          type="button"
          value="-"
        >
          -
        </button>
      </section>
      <section
        className="quad"
      >
        <button
          className="normal_btn"
          onClick={[Function]}
          type="button"
          value="1"
        >
          1
        </button>
        <button
          className="normal_btn negative_margin"
          onClick={[Function]}
          type="button"
          value="2"
        >
          2
        </button>
        <button
          className="normal_btn negative_margin"
          onClick={[Function]}
          type="button"
          value="3"
        >
          3
        </button>
        <button
          className="orange_btn negative_margin"
          onClick={[Function]}
          type="button"
          value="+"
        >
          +
        </button>
      </section>
      <section
        className="quad"
      >
        <button
          className="normal_big_btn"
          onClick={[Function]}
          type="button"
          value="0"
        >
          0
        </button>
        <button
          className="normal_btn negative_margin"
          onClick={[Function]}
          type="button"
          value="."
        >
          .
        </button>
        <button
          className="orange_btn negative_margin"
          onClick={[Function]}
          type="button"
          value="="
        >
          =
        </button>
      </section>
    </div>
  </div>
</div>
`;
