// Jest Snapshot v1, https://goo.gl/fbAQLP

exports[`renders correctly 1`] = `
<div>
  <div
    className="nav_container"
  >
    <header
      className="nav_header"
    >
      <h1>
        Math Magicians
      </h1>
      <nav
        className="nav_list"
      >
        <li>
          <a
            className="nav_anchor td_none"
            href="/"
            onClick={[Function]}
          >
            Home 
          </a>
        </li>
        <li
          className="border_active"
        >
          <a
            className="nav_anchor  td_none"
            href="/Calculator"
            onClick={[Function]}
          >
            Calculator
          </a>
        </li>
        <li>
          <a
            className="nav_anchor td_none"
            href="/Quote"
            onClick={[Function]}
          >
            Quote
          </a>
        </li>
      </nav>
    </header>
  </div>
  <section
    className="home_section"
  >
    <header
      className="home_header"
    >
      Welcome to our page!
    </header>
    <p>
      Lorem ipsum dolor sit amet consectetur adipisicing elit. Dolorum quia impedit rerum. Similique sapiente quibusdam esse voluptatibus fugiat. Animi eum quisquam quo, vitae neque voluptates iusto placeat accusantium deserunt nihil. Lorem ipsum dolor sit amet, consectetur adipisicing elit. Quaerat exercitationem ad modi similique corporis aperiam. Eligendi hic architecto perspiciatis dignissimos totam voluptates asperiores, repudiandae culpa ad sunt quas cupiditate magnam. 
    </p>
    <p>
      Lorem ipsum dolor sit amet, consectetur adipisicing elit. Quaerat exercitationem ad modi similique corporis aperiam. Eligendi hic architecto perspiciatis dignissimos totam voluptates asperiores, repudiandae culpa ad sunt quas cupiditate magnam.
    </p>
  </section>
</div>
`;
