// Jest Snapshot v1, https://goo.gl/fbAQLP

exports[`Footer renders correctly 1`] = `
<div
  className="nav_container"
>
  <header
    className="nav_header"
  >
    <h1>
      Math Magicians
    </h1>
    <nav
      className="nav_list"
    >
      <li>
        <a
          className="nav_anchor td_none"
          href="/"
          onClick={[Function]}
        >
          Home 
        </a>
      </li>
      <li
        className="border_active"
      >
        <a
          className="nav_anchor  td_none"
          href="/Calculator"
          onClick={[Function]}
        >
          Calculator
        </a>
      </li>
      <li>
        <a
          className="nav_anchor td_none"
          href="/Quote"
          onClick={[Function]}
        >
          Quote
        </a>
      </li>
    </nav>
  </header>
</div>
`;
