// Jest Snapshot v1, https://goo.gl/fbAQLP

exports[`renders correctly 1`] = `
<div>
  <div
    className="nav_container"
  >
    <header
      className="nav_header"
    >
      <h1>
        Math Magicians
      </h1>
      <nav
        className="nav_list"
      >
        <li>
          <a
            className="nav_anchor td_none"
            href="/"
            onClick={[Function]}
          >
            Home 
          </a>
        </li>
        <li
          className="border_active"
        >
          <a
            className="nav_anchor  td_none"
            href="/Calculator"
            onClick={[Function]}
          >
            Calculator
          </a>
        </li>
        <li>
          <a
            className="nav_anchor td_none"
            href="/Quote"
            onClick={[Function]}
          >
            Quote
          </a>
        </li>
      </nav>
    </header>
  </div>
  <article
    className="quote_article"
  >
    Lorem ipsum dolor sit amet consectetur adipisicing elit. Suscipit nesciunt consequatur eos similique quia!.  Lorem ipsum dolor sit amet consectetur adipisicing elit. Suscipit nesciunt consequatur eos similique quia!. Lorem ipsum dolor sit amet consectetur adipisicing elit. Suscipit nesciunt consequatur eos similique quia!.
  </article>
</div>
`;
